<?xml version="1.0" encoding="UTF-8"?>
<kml xmlns="http://www.opengis.net/kml/2.2">
<Document>
<Folder>
<name><![CDATA[Protests]]></name>
<description><![CDATA[Data source: Armed Conflict Location & Event Data Project (ACLED); https://www.acleddata.com]]></description>
<Placemark>
<name><![CDATA[sub protest 1]]></name>
<description><![CDATA[the notes
Fatalities: 3
Source: the source
 (National)

<p>Data source: Armed Conflict Location & Event Data Project (ACLED); https://www.acleddata.com</p>]]></description>
<Point>
<coordinates>2,1,0</coordinates>
</Point>
</Placemark>
<Placemark>
<name><![CDATA[sub protest 2]]></name>
<description><![CDATA[more notes
Fatalities: 6
Source: another source
 (National)

<p>Data source: Armed Conflict Location & Event Data Project (ACLED); https://www.acleddata.com</p>]]></description>
<Point>
<coordinates>5,4,0</coordinates>
</Point>
</Placemark>
</Folder>
<Folder>
<name><![CDATA[Battles]]></name>
<description><![CDATA[Data source: Armed Conflict Location & Event Data Project (ACLED); https://www.acleddata.com]]></description>
<Placemark>
<name><![CDATA[sub battles 1]]></name>
<description><![CDATA[some notes
Fatalities: 9
Source: source
 (New Media)

<p>Data source: Armed Conflict Location & Event Data Project (ACLED); https://www.acleddata.com</p>]]></description>
<Point>
<coordinates>8,7,0</coordinates>
</Point>
</Placemark>
<Placemark>
<name><![CDATA[sub battles 2]]></name>
<description><![CDATA[some notes
Fatalities: 12
Source: source
 (New Media)

<p>Data source: Armed Conflict Location & Event Data Project (ACLED); https://www.acleddata.com</p>]]></description>
<Point>
<coordinates>11,10,0</coordinates>
</Point>
</Placemark>
<Placemark>
<name><![CDATA[sub battles 3]]></name>
<description><![CDATA[some notes
Fatalities: 15
Source: source
 (International)

<p>Data source: Armed Conflict Location & Event Data Project (ACLED); https://www.acleddata.com</p>]]></description>
<Point>
<coordinates>14,13,0</coordinates>
</Point>
</Placemark>
</Folder>
</Document>
</kml>