Event type  Reported count
   Battles               3
  Protests               2
Data source: Armed Conflict Location & Event Data Project (ACLED); https://www.acleddata.com