<Folder>
<name><![CDATA[Protests]]></name>
<Placemark>
<name><![CDATA[sub protest 2]]></name>
<description><![CDATA[more notes
Fatalities: 6
Source: another source]]></description>
<Point>
<coordinates>5,4,0</coordinates>
</Point>
</Placemark>
</Folder>